building the system configuration...
warning: Git tree '/home/max/.config/nix' is dirty
Using saved setting for 'extra-substituters = https://nixos-raspberrypi.cachix.org' from ~/.local/share/nix/trusted-settings.json.
Using saved setting for 'extra-trusted-public-keys = nixos-raspberrypi.cachix.org-1:4iMO9LXa8BqhU+Rpg6LQKiGa2lsNh/j2oiYLNOQ5sPI=' from ~/.local/share/nix/trusted-settings.json.
these 25 derivations will be built:
  /nix/store/09scars5pixp3zilmnspa9lbvyi0pwrz-nas-lock.drv
  /nix/store/rl7v75id38m2f4qycmxsi2w8fwdpr97q-wake-peer.drv
  /nix/store/n1gdzkzb1i5wp70ah5x3apyscdlr0pig-builder-wake.drv
  /nix/store/zby6ifs9jqx69n92d71qygn5grc1siyy-builder-proxy.drv
  /nix/store/2frziprwq28f0x7i7n6bd5127ram1ja1-etc-ssh-ssh_config.drv
  /nix/store/yag4sz166galqgvcbswlw29y5zsgav3c-rebuild.drv
  /nix/store/zb7jnmbcrlzsi3vr98vrv7d72mhnz8zb-nas-unlock.drv
  /nix/store/9v3806hi259qnb1zzw0mc6sz2bfn3qib-system-path.drv
  /nix/store/vw9kj4qkp9kyz3n5s0ximn2ar9aw21wg-dbus-1.drv
  /nix/store/fvjjfr5jx94v56r34g3gnj5iw15208gy-X-Restart-Triggers-dbus-broker.drv
  /nix/store/3gj3hc579zyz0dlca7rlg8mwr7niy8a1-unit-dbus-broker.service.drv
  /nix/store/wg4ghm8f12aldjmhs0irf50zxy9g1ahc-X-Restart-Triggers-polkit.drv
  /nix/store/j8byvm49nk9slwrib4c2qcsr8bnlgzj1-unit-polkit.service.drv
  /nix/store/vy05j77qqcdqvc55g791jkl1g7by58b1-unit-accounts-daemon.service.drv
  /nix/store/3y11vnwalgvlbvkmmjksczslfahlkmy5-system-units.drv
  /nix/store/j954shh1hy16svmqvw93fpvjgx0dfcp2-check-sshd-config.drv
  /nix/store/sx2lyh7av4hy9fw237f513qq32vm0b79-unit-dbus-broker.service.drv
  /nix/store/ga4zw4fbca21149d01z55vqghj6xczg2-user-units.drv
  /nix/store/lfzvx1l5j3q3yrjblj8svqs0hkw2zqyb-etc.drv
  /nix/store/d2cjc0pybr152vdn2sy5hr1wjiyw92w4-manifest-for-users.json.drv
  /nix/store/jw1f3kig4vdf976r3lg7h4xrf7namanq-manifest.json.drv
  /nix/store/lzr8gd5vqs4xgz8mrp22i0xkhhv91v72-activate.drv
  /nix/store/wdimfibz97diqaczw3dwjs5xi586y8zj-boot.json.drv
  /nix/store/xb6g2iy110ns2iwx5gzk8h7kcx4r1cl3-dry-activate.drv
  /nix/store/6x0s6qi49w6abqav0kq6g5jmrsrvrwy3-nixos-system-laptop-26.05.20260814.02e0898.drv
building '/nix/store/j954shh1hy16svmqvw93fpvjgx0dfcp2-check-sshd-config.drv' on 'ssh-ng://max@desktopnew-builder?remote-program=/run/current-system/sw/bin/nix-daemon-novpn'...
building '/nix/store/wdimfibz97diqaczw3dwjs5xi586y8zj-boot.json.drv'...
building '/nix/store/09scars5pixp3zilmnspa9lbvyi0pwrz-nas-lock.drv' on 'ssh-ng://max@desktopnew-builder?remote-program=/run/current-system/sw/bin/nix-daemon-novpn'...
building '/nix/store/zb7jnmbcrlzsi3vr98vrv7d72mhnz8zb-nas-unlock.drv' on 'ssh-ng://max@desktopnew-builder?remote-program=/run/current-system/sw/bin/nix-daemon-novpn'...
building '/nix/store/yag4sz166galqgvcbswlw29y5zsgav3c-rebuild.drv' on 'ssh-ng://max@desktopnew-builder?remote-program=/run/current-system/sw/bin/nix-daemon-novpn'...
building '/nix/store/rl7v75id38m2f4qycmxsi2w8fwdpr97q-wake-peer.drv' on 'ssh-ng://max@desktopnew-builder?remote-program=/run/current-system/sw/bin/nix-daemon-novpn'...
building '/nix/store/d2cjc0pybr152vdn2sy5hr1wjiyw92w4-manifest-for-users.json.drv'...
building '/nix/store/jw1f3kig4vdf976r3lg7h4xrf7namanq-manifest.json.drv'...
copying 1 paths...
copying path '/nix/store/h9xm14rfj2h0chn7mg5nxm6pjvdzighq-sshd.conf-final' to 'ssh-ng://max@desktopnew-builder'...
building '/nix/store/xb6g2iy110ns2iwx5gzk8h7kcx4r1cl3-dry-activate.drv'...
copying 0 paths...
copying 0 paths...
copying 0 paths...
copying path '/nix/store/9ay0dwp7wxslhlx392j4zvp302vvfypa-netcat-openbsd-1.234-2' from 'https://cache.nixos.org'...
copying path '/nix/store/ci6zr4q4cgdkil5a304sc4hgkyg8pmnq-wol-0.7.1' from 'https://cache.nixos.org'...
copying 0 paths...
building '/nix/store/j954shh1hy16svmqvw93fpvjgx0dfcp2-check-sshd-config.drv'...
copying 1 paths...
copying path '/nix/store/1ymafcam06v3ms4rl46sbrjw7aai6h91-check-sshd-config' from 'ssh-ng://max@desktopnew-builder'...
building '/nix/store/09scars5pixp3zilmnspa9lbvyi0pwrz-nas-lock.drv'...
building '/nix/store/zb7jnmbcrlzsi3vr98vrv7d72mhnz8zb-nas-unlock.drv'...
building '/nix/store/yag4sz166galqgvcbswlw29y5zsgav3c-rebuild.drv'...
building '/nix/store/rl7v75id38m2f4qycmxsi2w8fwdpr97q-wake-peer.drv'...
copying 1 paths...
copying path '/nix/store/wwagaklpxd2fm167viaaqsyih09vi190-nas-lock' from 'ssh-ng://max@desktopnew-builder'...
copying 1 paths...
copying path '/nix/store/klm08fgcpclxw5863hx1h16ar073sw5a-nas-unlock' from 'ssh-ng://max@desktopnew-builder'...
copying 1 paths...
copying path '/nix/store/3flbnz6nbr0lmkal5c06awmfwnzah6qg-rebuild' from 'ssh-ng://max@desktopnew-builder'...
copying 1 paths...
copying path '/nix/store/71291j1lfsmmwmjgc2l5vshxrl2x5chg-wake-peer' from 'ssh-ng://max@desktopnew-builder'...
building '/nix/store/n1gdzkzb1i5wp70ah5x3apyscdlr0pig-builder-wake.drv' on 'ssh-ng://max@desktopnew-builder?remote-program=/run/current-system/sw/bin/nix-daemon-novpn'...
copying 0 paths...
building '/nix/store/n1gdzkzb1i5wp70ah5x3apyscdlr0pig-builder-wake.drv'...
copying 1 paths...
copying path '/nix/store/hiijnv2hmr1ghq2xg9npq086wknbhd20-builder-wake' from 'ssh-ng://max@desktopnew-builder'...
building '/nix/store/zby6ifs9jqx69n92d71qygn5grc1siyy-builder-proxy.drv'...
building '/nix/store/9v3806hi259qnb1zzw0mc6sz2bfn3qib-system-path.drv'...
building '/nix/store/2frziprwq28f0x7i7n6bd5127ram1ja1-etc-ssh-ssh_config.drv'...
building '/nix/store/wg4ghm8f12aldjmhs0irf50zxy9g1ahc-X-Restart-Triggers-polkit.drv'...
building '/nix/store/vw9kj4qkp9kyz3n5s0ximn2ar9aw21wg-dbus-1.drv'...
building '/nix/store/vy05j77qqcdqvc55g791jkl1g7by58b1-unit-accounts-daemon.service.drv'...
building '/nix/store/fvjjfr5jx94v56r34g3gnj5iw15208gy-X-Restart-Triggers-dbus-broker.drv'...
building '/nix/store/j8byvm49nk9slwrib4c2qcsr8bnlgzj1-unit-polkit.service.drv'...
building '/nix/store/3gj3hc579zyz0dlca7rlg8mwr7niy8a1-unit-dbus-broker.service.drv'...
building '/nix/store/sx2lyh7av4hy9fw237f513qq32vm0b79-unit-dbus-broker.service.drv'...
building '/nix/store/3y11vnwalgvlbvkmmjksczslfahlkmy5-system-units.drv'...
building '/nix/store/ga4zw4fbca21149d01z55vqghj6xczg2-user-units.drv'...
building '/nix/store/lfzvx1l5j3q3yrjblj8svqs0hkw2zqyb-etc.drv'...
building '/nix/store/lzr8gd5vqs4xgz8mrp22i0xkhhv91v72-activate.drv'...
building '/nix/store/6x0s6qi49w6abqav0kq6g5jmrsrvrwy3-nixos-system-laptop-26.05.20260814.02e0898.drv'...
Done. The new configuration is /nix/store/q1c23jc6ampxip3z9sy2kzimrnpz7h6s-nixos-system-laptop-26.05.20260814.02e0898
sudo: a terminal is required to read the password; either use the -S option to read from standard input or configure an askpass helper
sudo: a password is required
